Archive member included to satisfy reference by file (symbol)

C:/ST/STM32CubeIDE_1.13.0/STM32CubeIDE/plugins/com.st.stm32cube.ide.mcu.externaltools.gnu-tools-for-stm32.11.3.rel1.win32_1.1.100.202309141235/tools/bin/../lib/gcc/arm-none-eabi/11.3.1/../../../../arm-none-eabi/lib/thumb/v7-m/nofp\libc_nano.a(libc_a-exit.o)
                              C:/ST/STM32CubeIDE_1.13.0/STM32CubeIDE/plugins/com.st.stm32cube.ide.mcu.externaltools.gnu-tools-for-stm32.11.3.rel1.win32_1.1.100.202309141235/tools/bin/../lib/gcc/arm-none-eabi/11.3.1/../../../../arm-none-eabi/lib/thumb/v7-m/nofp/crt0.o (exit)
C:/ST/STM32CubeIDE_1.13.0/STM32CubeIDE/plugins/com.st.stm32cube.ide.mcu.externaltools.gnu-tools-for-stm32.11.3.rel1.win32_1.1.100.202309141235/tools/bin/../lib/gcc/arm-none-eabi/11.3.1/../../../../arm-none-eabi/lib/thumb/v7-m/nofp\libc_nano.a(libc_a-findfp.o)
                              C:/ST/STM32CubeIDE_1.13.0/STM32CubeIDE/plugins/com.st.stm32cube.ide.mcu.externaltools.gnu-tools-for-stm32.11.3.rel1.win32_1.1.100.202309141235/tools/bin/../lib/gcc/arm-none-eabi/11.3.1/../../../../arm-none-eabi/lib/thumb/v7-m/nofp\libc_nano.a(libc_a-exit.o) (__stdio_exit_handler)
C:/ST/STM32CubeIDE_1.13.0/STM32CubeIDE/plugins/com.st.stm32cube.ide.mcu.externaltools.gnu-tools-for-stm32.11.3.rel1.win32_1.1.100.202309141235/tools/bin/../lib/gcc/arm-none-eabi/11.3.1/../../../../arm-none-eabi/lib/thumb/v7-m/nofp\libc_nano.a(libc_a-fwalk.o)
                              C:/ST/STM32CubeIDE_1.13.0/STM32CubeIDE/plugins/com.st.stm32cube.ide.mcu.externaltools.gnu-tools-for-stm32.11.3.rel1.win32_1.1.100.202309141235/tools/bin/../lib/gcc/arm-none-eabi/11.3.1/../../../../arm-none-eabi/lib/thumb/v7-m/nofp\libc_nano.a(libc_a-findfp.o) (_fwalk_sglue)
C:/ST/STM32CubeIDE_1.13.0/STM32CubeIDE/plugins/com.st.stm32cube.ide.mcu.externaltools.gnu-tools-for-stm32.11.3.rel1.win32_1.1.100.202309141235/tools/bin/../lib/gcc/arm-none-eabi/11.3.1/../../../../arm-none-eabi/lib/thumb/v7-m/nofp\libc_nano.a(libc_a-stdio.o)
                              C:/ST/STM32CubeIDE_1.13.0/STM32CubeIDE/plugins/com.st.stm32cube.ide.mcu.externaltools.gnu-tools-for-stm32.11.3.rel1.win32_1.1.100.202309141235/tools/bin/../lib/gcc/arm-none-eabi/11.3.1/../../../../arm-none-eabi/lib/thumb/v7-m/nofp\libc_nano.a(libc_a-findfp.o) (__sread)
C:/ST/STM32CubeIDE_1.13.0/STM32CubeIDE/plugins/com.st.stm32cube.ide.mcu.externaltools.gnu-tools-for-stm32.11.3.rel1.win32_1.1.100.202309141235/tools/bin/../lib/gcc/arm-none-eabi/11.3.1/../../../../arm-none-eabi/lib/thumb/v7-m/nofp\libc_nano.a(libc_a-memset.o)
                              C:/ST/STM32CubeIDE_1.13.0/STM32CubeIDE/plugins/com.st.stm32cube.ide.mcu.externaltools.gnu-tools-for-stm32.11.3.rel1.win32_1.1.100.202309141235/tools/bin/../lib/gcc/arm-none-eabi/11.3.1/../../../../arm-none-eabi/lib/thumb/v7-m/nofp/crt0.o (memset)
C:/ST/STM32CubeIDE_1.13.0/STM32CubeIDE/plugins/com.st.stm32cube.ide.mcu.externaltools.gnu-tools-for-stm32.11.3.rel1.win32_1.1.100.202309141235/tools/bin/../lib/gcc/arm-none-eabi/11.3.1/../../../../arm-none-eabi/lib/thumb/v7-m/nofp\libc_nano.a(libc_a-closer.o)
                              C:/ST/STM32CubeIDE_1.13.0/STM32CubeIDE/plugins/com.st.stm32cube.ide.mcu.externaltools.gnu-tools-for-stm32.11.3.rel1.win32_1.1.100.202309141235/tools/bin/../lib/gcc/arm-none-eabi/11.3.1/../../../../arm-none-eabi/lib/thumb/v7-m/nofp\libc_nano.a(libc_a-stdio.o) (_close_r)
C:/ST/STM32CubeIDE_1.13.0/STM32CubeIDE/plugins/com.st.stm32cube.ide.mcu.externaltools.gnu-tools-for-stm32.11.3.rel1.win32_1.1.100.202309141235/tools/bin/../lib/gcc/arm-none-eabi/11.3.1/../../../../arm-none-eabi/lib/thumb/v7-m/nofp\libc_nano.a(libc_a-reent.o)
                              C:/ST/STM32CubeIDE_1.13.0/STM32CubeIDE/plugins/com.st.stm32cube.ide.mcu.externaltools.gnu-tools-for-stm32.11.3.rel1.win32_1.1.100.202309141235/tools/bin/../lib/gcc/arm-none-eabi/11.3.1/../../../../arm-none-eabi/lib/thumb/v7-m/nofp\libc_nano.a(libc_a-closer.o) (errno)
C:/ST/STM32CubeIDE_1.13.0/STM32CubeIDE/plugins/com.st.stm32cube.ide.mcu.externaltools.gnu-tools-for-stm32.11.3.rel1.win32_1.1.100.202309141235/tools/bin/../lib/gcc/arm-none-eabi/11.3.1/../../../../arm-none-eabi/lib/thumb/v7-m/nofp\libc_nano.a(libc_a-impure.o)
                              C:/ST/STM32CubeIDE_1.13.0/STM32CubeIDE/plugins/com.st.stm32cube.ide.mcu.externaltools.gnu-tools-for-stm32.11.3.rel1.win32_1.1.100.202309141235/tools/bin/../lib/gcc/arm-none-eabi/11.3.1/../../../../arm-none-eabi/lib/thumb/v7-m/nofp\libc_nano.a(libc_a-reent.o) (_impure_ptr)
C:/ST/STM32CubeIDE_1.13.0/STM32CubeIDE/plugins/com.st.stm32cube.ide.mcu.externaltools.gnu-tools-for-stm32.11.3.rel1.win32_1.1.100.202309141235/tools/bin/../lib/gcc/arm-none-eabi/11.3.1/../../../../arm-none-eabi/lib/thumb/v7-m/nofp\libc_nano.a(libc_a-lseekr.o)
[...]
Memory Configuration

Name             Origin             Length             Attributes
RAM              0x0000000020000000 0x0000000000010000 xrw
FLASH            0x0000000008000000 0x0000000000040000 xr
*default*        0x0000000000000000 0xffffffffffffffff

Linker script and memory map

LOAD C:/ST/STM32CubeIDE_1.13.0/STM32CubeIDE/plugins/com.st.stm32cube.ide.mcu.externaltools.gnu-tools-for-stm32.11.3.rel1.win32_1.1.100.202309141235/tools/bin/../lib/gcc/arm-none-eabi/11.3.1/thumb/v7-m/nofp/crti.o
LOAD C:/ST/STM32CubeIDE_1.13.0/STM32CubeIDE/plugins/com.st.stm32cube.ide.mcu.externaltools.gnu-tools-for-stm32.11.3.rel1.win32_1.1.100.202309141235/tools/bin/../lib/gcc/arm-none-eabi/11.3.1/thumb/v7-m/nofp/crtbegin.o
LOAD C:/ST/STM32CubeIDE_1.13.0/STM32CubeIDE/plugins/com.st.stm32cube.ide.mcu.externaltools.gnu-tools-for-stm32.11.3.rel1.win32_1.1.100.202309141235/tools/bin/../lib/gcc/arm-none-eabi/11.3.1/../../../../arm-none-eabi/lib/thumb/v7-m/nofp/crt0.o
LOAD ./Core/Src/User/MyFifoBuf.o
LOAD ./Core/Src/main.o
LOAD ./Core/Src/stm32f1xx_hal_msp.o
LOAD ./Core/Src/stm32f1xx_it.o
LOAD ./Core/Src/syscalls.o
LOAD ./Core/Src/sysmem.o
LOAD ./Core/Src/system_stm32f1xx.o
LOAD ./Core/Startup/startup_stm32f107vctx.o
LOAD ./Drivers/STM32F1xx_HAL_Driver/Src/stm32f1xx_hal.o
LOAD ./Drivers/STM32F1xx_HAL_Driver/Src/stm32f1xx_hal_can.o
LOAD ./Drivers/STM32F1xx_HAL_Driver/Src/stm32f1xx_hal_cortex.o
LOAD ./Drivers/STM32F1xx_HAL_Driver/Src/stm32f1xx_hal_dma.o
LOAD ./Drivers/STM32F1xx_HAL_Driver/Src/stm32f1xx_hal_exti.o
LOAD ./Drivers/STM32F1xx_HAL_Driver/Src/stm32f1xx_hal_flash.o
LOAD ./Drivers/STM32F1xx_HAL_Driver/Src/stm32f1xx_hal_flash_ex.o
LOAD ./Drivers/STM32F1xx_HAL_Driver/Src/stm32f1xx_hal_gpio.o
LOAD ./Drivers/STM32F1xx_HAL_Driver/Src/stm32f1xx_hal_gpio_ex.o
LOAD ./Drivers/STM32F1xx_HAL_Driver/Src/stm32f1xx_hal_pwr.o
LOAD ./Drivers/STM32F1xx_HAL_Driver/Src/stm32f1xx_hal_rcc.o
LOAD ./Drivers/STM32F1xx_HAL_Driver/Src/stm32f1xx_hal_rcc_ex.o
LOAD ./Drivers/STM32F1xx_HAL_Driver/Src/stm32f1xx_hal_tim.o
LOAD ./Drivers/STM32F1xx_HAL_Driver/Src/stm32f1xx_hal_tim_ex.o
LOAD ./Drivers/STM32F1xx_HAL_Driver/Src/stm32f1xx_hal_uart.o
START GROUP
LOAD C:/ST/STM32CubeIDE_1.13.0/STM32CubeIDE/plugins/com.st.stm32cube.ide.mcu.externaltools.gnu-tools-for-stm32.11.3.rel1.win32_1.1.100.202309141235/tools/bin/../lib/gcc/arm-none-eabi/11.3.1/../../../../arm-none-eabi/lib/thumb/v7-m/nofp\libstdc++_nano.a
LOAD C:/ST/STM32CubeIDE_1.13.0/STM32CubeIDE/plugins/com.st.stm32cube.ide.mcu.externaltools.gnu-tools-for-stm32.11.3.rel1.win32_1.1.100.202309141235/tools/bin/../lib/gcc/arm-none-eabi/11.3.1/../../../../arm-none-eabi/lib/thumb/v7-m/nofp\libsupc++_nano.a
END GROUP
LOAD C:/ST/STM32CubeIDE_1.13.0/STM32CubeIDE/plugins/com.st.stm32cube.ide.mcu.externaltools.gnu-tools-for-stm32.11.3.rel1.win32_1.1.100.202309141235/tools/bin/../lib/gcc/arm-none-eabi/11.3.1/../../../../arm-none-eabi/lib/thumb/v7-m/nofp\libstdc++_nano.a
LOAD C:/ST/STM32CubeIDE_1.13.0/STM32CubeIDE/plugins/com.st.stm32cube.ide.mcu.externaltools.gnu-tools-for-stm32.11.3.rel1.win32_1.1.100.202309141235/tools/bin/../lib/gcc/arm-none-eabi/11.3.1/../../../../arm-none-eabi/lib/thumb/v7-m/nofp\libm.a
LOAD C:/ST/STM32CubeIDE_1.13.0/STM32CubeIDE/plugins/com.st.stm32cube.ide.mcu.externaltools.gnu-tools-for-stm32.11.3.rel1.win32_1.1.100.202309141235/tools/bin/../lib/gcc/arm-none-eabi/11.3.1/../../../../arm-none-eabi/lib/thumb/v7-m/nofp\libc_nano.a
START GROUP
LOAD C:/ST/STM32CubeIDE_1.13.0/STM32CubeIDE/plugins/com.st.stm32cube.ide.mcu.externaltools.gnu-tools-for-stm32.11.3.rel1.win32_1.1.100.202309141235/tools/bin/../lib/gcc/arm-none-eabi/11.3.1/thumb/v7-m/nofp\libgcc.a
LOAD C:/ST/STM32CubeIDE_1.13.0/STM32CubeIDE/plugins/com.st.stm32cube.ide.mcu.externaltools.gnu-tools-for-stm32.11.3.rel1.win32_1.1.100.202309141235/tools/bin/../lib/gcc/arm-none-eabi/11.3.1/../../../../arm-none-eabi/lib/thumb/v7-m/nofp\libc_nano.a
END GROUP
START GROUP
LOAD C:/ST/STM32CubeIDE_1.13.0/STM32CubeIDE/plugins/com.st.stm32cube.ide.mcu.externaltools.gnu-tools-for-stm32.11.3.rel1.win32_1.1.100.202309141235/tools/bin/../lib/gcc/arm-none-eabi/11.3.1/thumb/v7-m/nofp\libgcc.a
LOAD C:/ST/STM32CubeIDE_1.13.0/STM32CubeIDE/plugins/com.st.stm32cube.ide.mcu.externaltools.gnu-tools-for-stm32.11.3.rel1.win32_1.1.100.202309141235/tools/bin/../lib/gcc/arm-none-eabi/11.3.1/../../../../arm-none-eabi/lib/thumb/v7-m/nofp\libc_nano.a
LOAD C:/ST/STM32CubeIDE_1.13.0/STM32CubeIDE/plugins/com.st.stm32cube.ide.mcu.externaltools.gnu-tools-for-stm32.11.3.rel1.win32_1.1.100.202309141235/tools/bin/../lib/gcc/arm-none-eabi/11.3.1/../../../../arm-none-eabi/lib/thumb/v7-m/nofp\libnosys.a
END GROUP
START GROUP
LOAD C:/ST/STM32CubeIDE_1.13.0/STM32CubeIDE/plugins/com.st.stm32cube.ide.mcu.externaltools.gnu-tools-for-stm32.11.3.rel1.win32_1.1.100.202309141235/tools/bin/../lib/gcc/arm-none-eabi/11.3.1/thumb/v7-m/nofp\libgcc.a
LOAD C:/ST/STM32CubeIDE_1.13.0/STM32CubeIDE/plugins/com.st.stm32cube.ide.mcu.externaltools.gnu-tools-for-stm32.11.3.rel1.win32_1.1.100.202309141235/tools/bin/../lib/gcc/arm-none-eabi/11.3.1/../../../../arm-none-eabi/lib/thumb/v7-m/nofp\libc_nano.a
LOAD C:/ST/STM32CubeIDE_1.13.0/STM32CubeIDE/plugins/com.st.stm32cube.ide.mcu.externaltools.gnu-tools-for-stm32.11.3.rel1.win32_1.1.100.202309141235/tools/bin/../lib/gcc/arm-none-eabi/11.3.1/../../../../arm-none-eabi/lib/thumb/v7-m/nofp\libnosys.a
END GROUP
LOAD C:/ST/STM32CubeIDE_1.13.0/STM32CubeIDE/plugins/com.st.stm32cube.ide.mcu.externaltools.gnu-tools-for-stm32.11.3.rel1.win32_1.1.100.202309141235/tools/bin/../lib/gcc/arm-none-eabi/11.3.1/thumb/v7-m/nofp/crtend.o
LOAD C:/ST/STM32CubeIDE_1.13.0/STM32CubeIDE/plugins/com.st.stm32cube.ide.mcu.externaltools.gnu-tools-for-stm32.11.3.rel1.win32_1.1.100.202309141235/tools/bin/../lib/gcc/arm-none-eabi/11.3.1/thumb/v7-m/nofp/crtn.o
                0x0000000020010000                _estack = (ORIGIN (RAM) + LENGTH (RAM))
                0x0000000000000200                _Min_Heap_Size = 0x200
                0x0000000000000400                _Min_Stack_Size = 0x400

.isr_vector     0x0000000008000000      0x1e4
                0x0000000008000000                . = ALIGN (0x4)
 *(.isr_vector)
 .isr_vector    0x0000000008000000      0x1e4 ./Core/Startup/startup_stm32f107vctx.o
                0x0000000008000000                g_pfnVectors
                0x00000000080001e4                . = ALIGN (0x4)

.text           0x00000000080001e4     0x4f94
                0x00000000080001e4                . = ALIGN (0x4)
 *(.text)
 .text          0x00000000080001e4       0x40 C:/ST/STM32CubeIDE_1.13.0/STM32CubeIDE/plugins/com.st.stm32cube.ide.mcu.externaltools.gnu-tools-for-stm32.11.3.rel1.win32_1.1.100.202309141235/tools/bin/../lib/gcc/arm-none-eabi/11.3.1/thumb/v7-m/nofp/crtbegin.o
 .text          0x0000000008000224       0x30 C:/ST/STM32CubeIDE_1.13.0/STM32CubeIDE/plugins/com.st.stm32cube.ide.mcu.externaltools.gnu-tools-for-stm32.11.3.rel1.win32_1.1.100.202309141235/tools/bin/../lib/gcc/arm-none-eabi/11.3.1/thumb/v7-m/nofp\libgcc.a(_aeabi_uldivmod.o)
                0x0000000008000224                __aeabi_uldivmod
 .text          0x0000000008000254      0x2cc C:/ST/STM32CubeIDE_1.13.0/STM32CubeIDE/plugins/com.st.stm32cube.ide.mcu.externaltools.gnu-tools-for-stm32.11.3.rel1.win32_1.1.100.202309141235/tools/bin/../lib/gcc/arm-none-eabi/11.3.1/thumb/v7-m/nofp\libgcc.a(_udivmoddi4.o)
                0x0000000008000254                __udivmoddi4
 .text          0x0000000008000520        0x4 C:/ST/STM32CubeIDE_1.13.0/STM32CubeIDE/plugins/com.st.stm32cube.ide.mcu.externaltools.gnu-tools-for-stm32.11.3.rel1.win32_1.1.100.202309141235/tools/bin/../lib/gcc/arm-none-eabi/11.3.1/thumb/v7-m/nofp\libgcc.a(_dvmd_tls.o)
                0x0000000008000520                __aeabi_idiv0
                0x0000000008000520                __aeabi_ldiv0
 *(.text*)
 .text.avaibleForRead_CANtoPCMsgBuf
                0x0000000008000524       0x28 ./Core/Src/User/MyFifoBuf.o
                0x0000000008000524                avaibleForRead_CANtoPCMsgBuf
 .text.directWrite_CANtoPCMsgBuf
                0x000000000800054c       0x84 ./Core/Src/User/MyFifoBuf.o
                0x000000000800054c                directWrite_CANtoPCMsgBuf
 .text.directRead_CANtoPCMsgBuf
                0x00000000080005d0       0x68 ./Core/Src/User/MyFifoBuf.o
                0x00000000080005d0                directRead_CANtoPCMsgBuf
 .text.overrun_CANtoPCMsgBuf
                0x0000000008000638       0x14 ./Core/Src/User/MyFifoBuf.o
                0x0000000008000638                overrun_CANtoPCMsgBuf
 .text.avaibleForRead_PCtoCANMsgBuf
                0x000000000800064c       0x28 ./Core/Src/User/MyFifoBuf.o
                0x000000000800064c                avaibleForRead_PCtoCANMsgBuf
 .text.directWrite_PCtoCANMsgBuf
                0x0000000008000674       0x88 ./Core/Src/User/MyFifoBuf.o
                0x0000000008000674                directWrite_PCtoCANMsgBuf
 .text.directRead_PCtoCANMsgBuf
                0x00000000080006fc       0x68 ./Core/Src/User/MyFifoBuf.o
                0x00000000080006fc                directRead_PCtoCANMsgBuf
 .text.overrun_PCtoCANMsgBuf
                0x0000000008000764       0x14 ./Core/Src/User/MyFifoBuf.o
                0x0000000008000764                overrun_PCtoCANMsgBuf
 .text.avaibleForRead_CANlimMsgBuf
                0x0000000008000778       0x28 ./Core/Src/User/MyFifoBuf.o
                0x0000000008000778                avaibleForRead_CANlimMsgBuf
 .text.directWrite_CANlimMsgBuf
                0x00000000080007a0       0x7c ./Core/Src/User/MyFifoBuf.o
                0x00000000080007a0                directWrite_CANlimMsgBuf
 .text.directRead_CANlimMsgBuf
                0x000000000800081c       0x60 ./Core/Src/User/MyFifoBuf.o
                0x000000000800081c                directRead_CANlimMsgBuf
 .text.overrun_CANlimMsgBuf
                0x000000000800087c       0x14 ./Core/Src/User/MyFifoBuf.o
                0x000000000800087c                overrun_CANlimMsgBuf
 .text.__NVIC_EnableIRQ
                0x0000000008000890       0x38 ./Core/Src/main.o
 .text.__NVIC_DisableIRQ
                0x00000000080008c8       0x48 ./Core/Src/main.o
 .text.main     0x0000000008000910      0x118 ./Core/Src/main.o
                0x0000000008000910                main
 .text.SystemClock_Config
                0x0000000008000a28       0xa8 ./Core/Src/main.o
                0x0000000008000a28                SystemClock_Config
 .text.MX_CAN1_Init
                0x0000000008000ad0       0x6c ./Core/Src/main.o
 .text.MX_USART2_UART_Init
                0x0000000008000b3c       0x54 ./Core/Src/main.o
 .text.MX_DMA_Init
                0x0000000008000b90       0x4c ./Core/Src/main.o
 .text.MX_GPIO_Init
                0x0000000008000bdc       0xb0 ./Core/Src/main.o
 .text.PCtoCANBuf_processing
                0x0000000008000c8c      0x2c8 ./Core/Src/main.o
                0x0000000008000c8c                PCtoCANBuf_processing
 .text.CANtoPCBuf_processing
                0x0000000008000f54      0x13c ./Core/Src/main.o
                0x0000000008000f54                CANtoPCBuf_processing
 .text.Error_Handler
                0x0000000008001090       0x30 ./Core/Src/main.o
                0x0000000008001090                Error_Handler
 .text.HAL_MspInit
                0x00000000080010c0       0x64 ./Core/Src/stm32f1xx_hal_msp.o
                0x00000000080010c0                HAL_MspInit
 .text.HAL_CAN_MspInit
                0x0000000008001124       0xec ./Core/Src/stm32f1xx_hal_msp.o
                0x0000000008001124                HAL_CAN_MspInit
 .text.HAL_CAN_MspDeInit
                0x0000000008001210       0x4c ./Core/Src/stm32f1xx_hal_msp.o
                0x0000000008001210                HAL_CAN_MspDeInit
 .text.HAL_UART_MspInit
                0x000000000800125c      0x174 ./Core/Src/stm32f1xx_hal_msp.o
                0x000000000800125c                HAL_UART_MspInit
 .text.NMI_Handler
                0x00000000080013d0        0x6 ./Core/Src/stm32f1xx_it.o
                0x00000000080013d0                NMI_Handler
 .text.HardFault_Handler
                0x00000000080013d6        0x6 ./Core/Src/stm32f1xx_it.o
                0x00000000080013d6                HardFault_Handler
 .text.MemManage_Handler
                0x00000000080013dc        0x6 ./Core/Src/stm32f1xx_it.o
                0x00000000080013dc                MemManage_Handler
 .text.BusFault_Handler
                0x00000000080013e2        0x6 ./Core/Src/stm32f1xx_it.o
                0x00000000080013e2                BusFault_Handler
 .text.UsageFault_Handler
                0x00000000080013e8        0x6 ./Core/Src/stm32f1xx_it.o
                0x00000000080013e8                UsageFault_Handler
 .text.SVC_Handler
                0x00000000080013ee        0xc ./Core/Src/stm32f1xx_it.o
                0x00000000080013ee                SVC_Handler
 .text.DebugMon_Handler
                0x00000000080013fa        0xc ./Core/Src/stm32f1xx_it.o
                0x00000000080013fa                DebugMon_Handler
 .text.PendSV_Handler
                0x0000000008001406        0xc ./Core/Src/stm32f1xx_it.o
                0x0000000008001406                PendSV_Handler
 .text.SysTick_Handler
                0x0000000008001412        0xc ./Core/Src/stm32f1xx_it.o
                0x0000000008001412                SysTick_Handler
 *fill*         0x000000000800141e        0x2 
 .text.DMA1_Channel6_IRQHandler
                0x0000000008001420       0x14 ./Core/Src/stm32f1xx_it.o
                0x0000000008001420                DMA1_Channel6_IRQHandler
 .text.DMA1_Channel7_IRQHandler
                0x0000000008001434       0x14 ./Core/Src/stm32f1xx_it.o
                0x0000000008001434                DMA1_Channel7_IRQHandler
 .text.CAN1_TX_IRQHandler
                0x0000000008001448       0x14 ./Core/Src/stm32f1xx_it.o
                0x0000000008001448                CAN1_TX_IRQHandler
 .text.CAN1_RX0_IRQHandler
                0x000000000800145c       0x14 ./Core/Src/stm32f1xx_it.o
                0x000000000800145c                CAN1_RX0_IRQHandler
 .text.CAN1_RX1_IRQHandler
                0x0000000008001470       0x14 ./Core/Src/stm32f1xx_it.o
                0x0000000008001470                CAN1_RX1_IRQHandler
 .text.USART2_IRQHandler
                0x0000000008001484       0x14 ./Core/Src/stm32f1xx_it.o
                0x0000000008001484                USART2_IRQHandler
 .text.HAL_UART_TxCpltCallback
                0x0000000008001498       0x4c ./Core/Src/stm32f1xx_it.o
                0x0000000008001498                HAL_UART_TxCpltCallback
 .text.HAL_UART_RxCpltCallback
                0x00000000080014e4       0x44 ./Core/Src/stm32f1xx_it.o
                0x00000000080014e4                HAL_UART_RxCpltCallback
 .text.HAL_CAN_RxFifo0MsgPendingCallback
                0x0000000008001528       0x50 ./Core/Src/stm32f1xx_it.o
                0x0000000008001528                HAL_CAN_RxFifo0MsgPendingCallback
 .text.HAL_CAN_RxFifo1MsgPendingCallback
                0x0000000008001578       0x50 ./Core/Src/stm32f1xx_it.o
                0x0000000008001578                HAL_CAN_RxFifo1MsgPendingCallback
 .text.SystemInit
                0x00000000080015c8        0xc ./Core/Src/system_stm32f1xx.o
                0x00000000080015c8                SystemInit
 .text.Reset_Handler
                0x00000000080015d4       0x48 ./Core/Startup/startup_stm32f107vctx.o
                0x00000000080015d4                Reset_Handler
 .text.Default_Handler
                0x000000000800161c        0x2 ./Core/Startup/startup_stm32f107vctx.o
                0x000000000800161c                RTC_Alarm_IRQHandler
                0x000000000800161c                EXTI2_IRQHandler
                0x000000000800161c                TIM1_CC_IRQHandler
                0x000000000800161c                TIM6_IRQHandler
                0x000000000800161c                PVD_IRQHandler
                0x000000000800161c                CAN2_RX1_IRQHandler
                0x000000000800161c                EXTI3_IRQHandler
                0x000000000800161c                EXTI0_IRQHandler
                0x000000000800161c                I2C2_EV_IRQHandler
                0x000000000800161c                CAN2_SCE_IRQHandler
                0x000000000800161c                ADC1_2_IRQHandler
                0x000000000800161c                SPI1_IRQHandler
                0x000000000800161c                TAMPER_IRQHandler
                0x000000000800161c                CAN2_RX0_IRQHandler
                0x000000000800161c                DMA2_Channel2_IRQHandler
                0x000000000800161c                DMA1_Channel4_IRQHandler
                0x000000000800161c                USART3_IRQHandler
                0x000000000800161c                RTC_IRQHandler
                0x000000000800161c                UART5_IRQHandler
                0x000000000800161c                TIM4_IRQHandler
                0x000000000800161c                DMA2_Channel1_IRQHandler
                0x000000000800161c                I2C1_EV_IRQHandler
                0x000000000800161c                UART4_IRQHandler
                0x000000000800161c                DMA2_Channel4_IRQHandler
                0x000000000800161c                TIM3_IRQHandler
                0x000000000800161c                RCC_IRQHandler
                0x000000000800161c                TIM1_TRG_COM_IRQHandler
                0x000000000800161c                DMA1_Channel1_IRQHandler
                0x000000000800161c                Default_Handler
                0x000000000800161c                EXTI15_10_IRQHandler
                0x000000000800161c                TIM7_IRQHandler
                0x000000000800161c                CAN2_TX_IRQHandler
                0x000000000800161c                TIM5_IRQHandler
                0x000000000800161c                EXTI9_5_IRQHandler
                0x000000000800161c                ETH_WKUP_IRQHandler
                0x000000000800161c                SPI2_IRQHandler
                0x000000000800161c                DMA2_Channel5_IRQHandler
                0x000000000800161c                DMA1_Channel5_IRQHandler
                0x000000000800161c                EXTI4_IRQHandler
                0x000000000800161c                DMA1_Channel3_IRQHandler
                0x000000000800161c                ETH_IRQHandler
                0x000000000800161c                TIM1_UP_IRQHandler
                0x000000000800161c                WWDG_IRQHandler
                0x000000000800161c                TIM2_IRQHandler
                0x000000000800161c                OTG_FS_WKUP_IRQHandler
                0x000000000800161c                TIM1_BRK_IRQHandler
                0x000000000800161c                EXTI1_IRQHandler
                0x000000000800161c                I2C2_ER_IRQHandler
                0x000000000800161c                DMA1_Channel2_IRQHandler
                0x000000000800161c                CAN1_SCE_IRQHandler
                0x000000000800161c                FLASH_IRQHandler
                0x000000000800161c                USART1_IRQHandler
                0x000000000800161c                OTG_FS_IRQHandler
                0x000000000800161c                SPI3_IRQHandler
                0x000000000800161c                I2C1_ER_IRQHandler
                0x000000000800161c                DMA2_Channel3_IRQHandler
 *fill*         0x000000000800161e        0x2 
 .text.HAL_Init
                0x0000000008001620       0x2c ./Drivers/STM32F1xx_HAL_Driver/Src/stm32f1xx_hal.o
                0x0000000008001620                HAL_Init
 .text.HAL_InitTick
                0x000000000800164c       0x60 ./Drivers/STM32F1xx_HAL_Driver/Src/stm32f1xx_hal.o
                0x000000000800164c                HAL_InitTick
 .text.HAL_IncTick
                0x00000000080016ac       0x24 ./Drivers/STM32F1xx_HAL_Driver/Src/stm32f1xx_hal.o
                0x00000000080016ac                HAL_IncTick
 .text.HAL_GetTick
                0x00000000080016d0       0x14 ./Drivers/STM32F1xx_HAL_Driver/Src/stm32f1xx_hal.o
                0x00000000080016d0                HAL_GetTick
 .text.HAL_CAN_Init
                0x00000000080016e4      0x1f6 ./Drivers/STM32F1xx_HAL_Driver/Src/stm32f1xx_hal_can.o
                0x00000000080016e4                HAL_CAN_Init
 .text.HAL_CAN_DeInit
                0x00000000080018da       0x46 ./Drivers/STM32F1xx_HAL_Driver/Src/stm32f1xx_hal_can.o
                0x00000000080018da                HAL_CAN_DeInit
 .text.HAL_CAN_ConfigFilter
                0x0000000008001920      0x1c0 ./Drivers/STM32F1xx_HAL_Driver/Src/stm32f1xx_hal_can.o
                0x0000000008001920                HAL_CAN_ConfigFilter
 .text.HAL_CAN_Start
                0x0000000008001ae0       0x88 ./Drivers/STM32F1xx_HAL_Driver/Src/stm32f1xx_hal_can.o
                0x0000000008001ae0                HAL_CAN_Start
 .text.HAL_CAN_Stop
                0x0000000008001b68       0x92 ./Drivers/STM32F1xx_HAL_Driver/Src/stm32f1xx_hal_can.o
                0x0000000008001b68                HAL_CAN_Stop
 .text.HAL_CAN_AddTxMessage
                0x0000000008001bfa      0x19e ./Drivers/STM32F1xx_HAL_Driver/Src/stm32f1xx_hal_can.o
                0x0000000008001bfa                HAL_CAN_AddTxMessage
 .text.HAL_CAN_GetRxMessage
                0x0000000008001d98      0x242 ./Drivers/STM32F1xx_HAL_Driver/Src/stm32f1xx_hal_can.o
                0x0000000008001d98                HAL_CAN_GetRxMessage
 .text.HAL_CAN_ActivateNotification
                0x0000000008001fda       0x4a ./Drivers/STM32F1xx_HAL_Driver/Src/stm32f1xx_hal_can.o
                0x0000000008001fda                HAL_CAN_ActivateNotification
 .text.HAL_CAN_IRQHandler
                0x0000000008002024      0x36e ./Drivers/STM32F1xx_HAL_Driver/Src/stm32f1xx_hal_can.o
                0x0000000008002024                HAL_CAN_IRQHandler
 .text.HAL_CAN_TxMailbox0CompleteCallback
                0x0000000008002392       0x12 ./Drivers/STM32F1xx_HAL_Driver/Src/stm32f1xx_hal_can.o
                0x0000000008002392                HAL_CAN_TxMailbox0CompleteCallback
 .text.HAL_CAN_TxMailbox1CompleteCallback
                0x00000000080023a4       0x12 ./Drivers/STM32F1xx_HAL_Driver/Src/stm32f1xx_hal_can.o
                0x00000000080023a4                HAL_CAN_TxMailbox1CompleteCallback
 .text.HAL_CAN_TxMailbox2CompleteCallback
                0x00000000080023b6       0x12 ./Drivers/STM32F1xx_HAL_Driver/Src/stm32f1xx_hal_can.o
                0x00000000080023b6                HAL_CAN_TxMailbox2CompleteCallback
 .text.HAL_CAN_TxMailbox0AbortCallback
                0x00000000080023c8       0x12 ./Drivers/STM32F1xx_HAL_Driver/Src/stm32f1xx_hal_can.o
                0x00000000080023c8                HAL_CAN_TxMailbox0AbortCallback
 .text.HAL_CAN_TxMailbox1AbortCallback
                0x00000000080023da       0x12 ./Drivers/STM32F1xx_HAL_Driver/Src/stm32f1xx_hal_can.o
                0x00000000080023da                HAL_CAN_TxMailbox1AbortCallback
 .text.HAL_CAN_TxMailbox2AbortCallback
                0x00000000080023ec       0x12 ./Drivers/STM32F1xx_HAL_Driver/Src/stm32f1xx_hal_can.o
                0x00000000080023ec                HAL_CAN_TxMailbox2AbortCallback
 .text.HAL_CAN_RxFifo0FullCallback
                0x00000000080023fe       0x12 ./Drivers/STM32F1xx_HAL_Driver/Src/stm32f1xx_hal_can.o
                0x00000000080023fe                HAL_CAN_RxFifo0FullCallback
 .text.HAL_CAN_RxFifo1FullCallback
                0x0000000008002410       0x12 ./Drivers/STM32F1xx_HAL_Driver/Src/stm32f1xx_hal_can.o
                0x0000000008002410                HAL_CAN_RxFifo1FullCallback
 .text.HAL_CAN_SleepCallback
                0x0000000008002422       0x12 ./Drivers/STM32F1xx_HAL_Driver/Src/stm32f1xx_hal_can.o
                0x0000000008002422                HAL_CAN_SleepCallback
 .text.HAL_CAN_WakeUpFromRxMsgCallback
                0x0000000008002434       0x12 ./Drivers/STM32F1xx_HAL_Driver/Src/stm32f1xx_hal_can.o
                0x0000000008002434                HAL_CAN_WakeUpFromRxMsgCallback
 .text.HAL_CAN_ErrorCallback
                0x0000000008002446       0x12 ./Drivers/STM32F1xx_HAL_Driver/Src/stm32f1xx_hal_can.o
                0x0000000008002446                HAL_CAN_ErrorCallback
 .text.__NVIC_SetPriorityGrouping
                0x0000000008002458       0x48 ./Drivers/STM32F1xx_HAL_Driver/Src/stm32f1xx_hal_cortex.o
 .text.__NVIC_GetPriorityGrouping
                0x00000000080024a0       0x1c ./Drivers/STM32F1xx_HAL_Driver/Src/stm32f1xx_hal_cortex.o
 .text.__NVIC_EnableIRQ
                0x00000000080024bc       0x38 ./Drivers/STM32F1xx_HAL_Driver/Src/stm32f1xx_hal_cortex.o
 .text.__NVIC_DisableIRQ
                0x00000000080024f4       0x48 ./Drivers/STM32F1xx_HAL_Driver/Src/stm32f1xx_hal_cortex.o
 .text.__NVIC_SetPriority
                0x000000000800253c       0x54 ./Drivers/STM32F1xx_HAL_Driver/Src/stm32f1xx_hal_cortex.o
 .text.NVIC_EncodePriority
                0x0000000008002590       0x64 ./Drivers/STM32F1xx_HAL_Driver/Src/stm32f1xx_hal_cortex.o
 .text.SysTick_Config
                0x00000000080025f4       0x44 ./Drivers/STM32F1xx_HAL_Driver/Src/stm32f1xx_hal_cortex.o
 .text.HAL_NVIC_SetPriorityGrouping
                0x0000000008002638       0x16 ./Drivers/STM32F1xx_HAL_Driver/Src/stm32f1xx_hal_cortex.o
                0x0000000008002638                HAL_NVIC_SetPriorityGrouping
 .text.HAL_NVIC_SetPriority
                0x000000000800264e       0x38 ./Drivers/STM32F1xx_HAL_Driver/Src/stm32f1xx_hal_cortex.o
                0x000000000800264e                HAL_NVIC_SetPriority
 .text.HAL_NVIC_EnableIRQ
                0x0000000008002686       0x1c ./Drivers/STM32F1xx_HAL_Driver/Src/stm32f1xx_hal_cortex.o
                0x0000000008002686                HAL_NVIC_EnableIRQ
 .text.HAL_NVIC_DisableIRQ
                0x00000000080026a2       0x1c ./Drivers/STM32F1xx_HAL_Driver/Src/stm32f1xx_hal_cortex.o
                0x00000000080026a2                HAL_NVIC_DisableIRQ
 .text.HAL_SYSTICK_Config
                0x00000000080026be       0x18 ./Drivers/STM32F1xx_HAL_Driver/Src/stm32f1xx_hal_cortex.o
                0x00000000080026be                HAL_SYSTICK_Config
 *fill*         0x00000000080026d6        0x2 
 .text.HAL_DMA_Init
                0x00000000080026d8       0xec ./Drivers/STM32F1xx_HAL_Driver/Src/stm32f1xx_hal_dma.o
                0x00000000080026d8                HAL_DMA_Init
 .text.HAL_DMA_Start_IT
                0x00000000080027c4       0xc0 ./Drivers/STM32F1xx_HAL_Driver/Src/stm32f1xx_hal_dma.o
                0x00000000080027c4                HAL_DMA_Start_IT
 .text.HAL_DMA_Abort
                0x0000000008002884       0x76 ./Drivers/STM32F1xx_HAL_Driver/Src/stm32f1xx_hal_dma.o
                0x0000000008002884                HAL_DMA_Abort
 *fill*         0x00000000080028fa        0x2 
 .text.HAL_DMA_Abort_IT
                0x00000000080028fc      0x210 ./Drivers/STM32F1xx_HAL_Driver/Src/stm32f1xx_hal_dma.o
                0x00000000080028fc                HAL_DMA_Abort_IT
 .text.HAL_DMA_IRQHandler
                0x0000000008002b0c      0x478 ./Drivers/STM32F1xx_HAL_Driver/Src/stm32f1xx_hal_dma.o
                0x0000000008002b0c                HAL_DMA_IRQHandler
 .text.DMA_SetConfig
                0x0000000008002f84       0x5a ./Drivers/STM32F1xx_HAL_Driver/Src/stm32f1xx_hal_dma.o
 *fill*         0x0000000008002fde        0x2 
 .text.HAL_GPIO_Init
                0x0000000008002fe0      0x308 ./Drivers/STM32F1xx_HAL_Driver/Src/stm32f1xx_hal_gpio.o
                0x0000000008002fe0                HAL_GPIO_Init
 .text.HAL_GPIO_DeInit
                0x00000000080032e8      0x178 ./Drivers/STM32F1xx_HAL_Driver/Src/stm32f1xx_hal_gpio.o
                0x00000000080032e8                HAL_GPIO_DeInit
 .text.HAL_GPIO_WritePin
                0x0000000008003460       0x30 ./Drivers/STM32F1xx_HAL_Driver/Src/stm32f1xx_hal_gpio.o
                0x0000000008003460                HAL_GPIO_WritePin
 .text.HAL_RCC_OscConfig
                0x0000000008003490      0x62c ./Drivers/STM32F1xx_HAL_Driver/Src/stm32f1xx_hal_rcc.o
                0x0000000008003490                HAL_RCC_OscConfig
 .text.HAL_RCC_ClockConfig
                0x0000000008003abc      0x1d4 ./Drivers/STM32F1xx_HAL_Driver/Src/stm32f1xx_hal_rcc.o
                0x0000000008003abc                HAL_RCC_ClockConfig
 .text.HAL_RCC_GetSysClockFreq
                0x0000000008003c90      0x178 ./Drivers/STM32F1xx_HAL_Driver/Src/stm32f1xx_hal_rcc.o
                0x0000000008003c90                HAL_RCC_GetSysClockFreq
 .text.HAL_RCC_GetHCLKFreq
                0x0000000008003e08       0x14 ./Drivers/STM32F1xx_HAL_Driver/Src/stm32f1xx_hal_rcc.o
                0x0000000008003e08                HAL_RCC_GetHCLKFreq
 .text.HAL_RCC_GetPCLK1Freq
                0x0000000008003e1c       0x28 ./Drivers/STM32F1xx_HAL_Driver/Src/stm32f1xx_hal_rcc.o
                0x0000000008003e1c                HAL_RCC_GetPCLK1Freq
 .text.HAL_RCC_GetPCLK2Freq
                0x0000000008003e44       0x28 ./Drivers/STM32F1xx_HAL_Driver/Src/stm32f1xx_hal_rcc.o
                0x0000000008003e44                HAL_RCC_GetPCLK2Freq
 .text.RCC_Delay
                0x0000000008003e6c       0x3c ./Drivers/STM32F1xx_HAL_Driver/Src/stm32f1xx_hal_rcc.o
 .text.HAL_UART_Init
                0x0000000008003ea8       0xa0 ./Drivers/STM32F1xx_HAL_Driver/Src/stm32f1xx_hal_uart.o
                0x0000000008003ea8                HAL_UART_Init
 .text.HAL_UART_Transmit
                0x0000000008003f48      0x106 ./Drivers/STM32F1xx_HAL_Driver/Src/stm32f1xx_hal_uart.o
                0x0000000008003f48                HAL_UART_Transmit
 .text.HAL_UART_Receive_IT
                0x000000000800404e       0x4a ./Drivers/STM32F1xx_HAL_Driver/Src/stm32f1xx_hal_uart.o
                0x000000000800404e                HAL_UART_Receive_IT
 .text.HAL_UART_Transmit_DMA
                0x0000000008004098       0xe0 ./Drivers/STM32F1xx_HAL_Driver/Src/stm32f1xx_hal_uart.o
                0x0000000008004098                HAL_UART_Transmit_DMA
 .text.HAL_UART_Receive_DMA
                0x0000000008004178       0x4a ./Drivers/STM32F1xx_HAL_Driver/Src/stm32f1xx_hal_uart.o
                0x0000000008004178                HAL_UART_Receive_DMA
 *fill*         0x00000000080041c2        0x2 
 .text.HAL_UART_IRQHandler
                0x00000000080041c4      0x524 ./Drivers/STM32F1xx_HAL_Driver/Src/stm32f1xx_hal_uart.o
                0x00000000080041c4                HAL_UART_IRQHandler
 .text.HAL_UART_TxHalfCpltCallback
                0x00000000080046e8       0x12 ./Drivers/STM32F1xx_HAL_Driver/Src/stm32f1xx_hal_uart.o
                0x00000000080046e8                HAL_UART_TxHalfCpltCallback
 .text.HAL_UART_RxHalfCpltCallback
                0x00000000080046fa       0x12 ./Drivers/STM32F1xx_HAL_Driver/Src/stm32f1xx_hal_uart.o
                0x00000000080046fa                HAL_UART_RxHalfCpltCallback
 .text.HAL_UART_ErrorCallback
                0x000000000800470c       0x12 ./Drivers/STM32F1xx_HAL_Driver/Src/stm32f1xx_hal_uart.o
                0x000000000800470c                HAL_UART_ErrorCallback
 .text.HAL_UARTEx_RxEventCallback
                0x000000000800471e       0x16 ./Drivers/STM32F1xx_HAL_Driver/Src/stm32f1xx_hal_uart.o
                0x000000000800471e                HAL_UARTEx_RxEventCallback
 .text.UART_DMATransmitCplt
                0x0000000008004734       0x9a ./Drivers/STM32F1xx_HAL_Driver/Src/stm32f1xx_hal_uart.o
 .text.UART_DMATxHalfCplt
                0x00000000080047ce       0x1c ./Drivers/STM32F1xx_HAL_Driver/Src/stm32f1xx_hal_uart.o
 .text.UART_DMAReceiveCplt
                0x00000000080047ea      0x12c ./Drivers/STM32F1xx_HAL_Driver/Src/stm32f1xx_hal_uart.o
 .text.UART_DMARxHalfCplt
                0x0000000008004916       0x3c ./Drivers/STM32F1xx_HAL_Driver/Src/stm32f1xx_hal_uart.o
 .text.UART_DMAError
                0x0000000008004952       0x94 ./Drivers/STM32F1xx_HAL_Driver/Src/stm32f1xx_hal_uart.o
 .text.UART_WaitOnFlagUntilTimeout
                0x00000000080049e6       0xdc ./Drivers/STM32F1xx_HAL_Driver/Src/stm32f1xx_hal_uart.o
 .text.UART_Start_Receive_IT
                0x0000000008004ac2       0x72 ./Drivers/STM32F1xx_HAL_Driver/Src/stm32f1xx_hal_uart.o
                0x0000000008004ac2                UART_Start_Receive_IT
 .text.UART_Start_Receive_DMA
                0x0000000008004b34      0x134 ./Drivers/STM32F1xx_HAL_Driver/Src/stm32f1xx_hal_uart.o
                0x0000000008004b34                UART_Start_Receive_DMA
 .text.UART_EndTxTransfer
                0x0000000008004c68       0x4e ./Drivers/STM32F1xx_HAL_Driver/Src/stm32f1xx_hal_uart.o
 .text.UART_EndRxTransfer
                0x0000000008004cb6       0xc4 ./Drivers/STM32F1xx_HAL_Driver/Src/stm32f1xx_hal_uart.o
 .text.UART_DMAAbortOnError
                0x0000000008004d7a       0x28 ./Drivers/STM32F1xx_HAL_Driver/Src/stm32f1xx_hal_uart.o
 .text.UART_Transmit_IT
                0x0000000008004da2       0x9e ./Drivers/STM32F1xx_HAL_Driver/Src/stm32f1xx_hal_uart.o
 .text.UART_EndTransmit_IT
                0x0000000008004e40       0x30 ./Drivers/STM32F1xx_HAL_Driver/Src/stm32f1xx_hal_uart.o
 .text.UART_Receive_IT
                0x0000000008004e70      0x17c ./Drivers/STM32F1xx_HAL_Driver/Src/stm32f1xx_hal_uart.o
 .text.UART_SetConfig
                0x0000000008004fec      0x11c ./Drivers/STM32F1xx_HAL_Driver/Src/stm32f1xx_hal_uart.o
 .text.memset   0x0000000008005108       0x10 C:/ST/STM32CubeIDE_1.13.0/STM32CubeIDE/plugins/com.st.stm32cube.ide.mcu.externaltools.gnu-tools-for-stm32.11.3.rel1.win32_1.1.100.202309141235/tools/bin/../lib/gcc/arm-none-eabi/11.3.1/../../../../arm-none-eabi/lib/thumb/v7-m/nofp\libc_nano.a(libc_a-memset.o)
                0x0000000008005108                memset
 .text.__libc_init_array
                0x0000000008005118       0x48 C:/ST/STM32CubeIDE_1.13.0/STM32CubeIDE/plugins/com.st.stm32cube.ide.mcu.externaltools.gnu-tools-for-stm32.11.3.rel1.win32_1.1.100.202309141235/tools/bin/../lib/gcc/arm-none-eabi/11.3.1/../../../../arm-none-eabi/lib/thumb/v7-m/nofp\libc_nano.a(libc_a-init.o)
                0x0000000008005118                __libc_init_array
 *(.glue_7)
 .glue_7        0x0000000008005160        0x0 linker stubs
 *(.glue_7t)
 .glue_7t       0x0000000008005160        0x0 linker stubs
 *(.eh_frame)
 .eh_frame      0x0000000008005160        0x0 C:/ST/STM32CubeIDE_1.13.0/STM32CubeIDE/plugins/com.st.stm32cube.ide.mcu.externaltools.gnu-tools-for-stm32.11.3.rel1.win32_1.1.100.202309141235/tools/bin/../lib/gcc/arm-none-eabi/11.3.1/thumb/v7-m/nofp/crtbegin.o
 *(.init)
 .init          0x0000000008005160        0x4 C:/ST/STM32CubeIDE_1.13.0/STM32CubeIDE/plugins/com.st.stm32cube.ide.mcu.externaltools.gnu-tools-for-stm32.11.3.rel1.win32_1.1.100.202309141235/tools/bin/../lib/gcc/arm-none-eabi/11.3.1/thumb/v7-m/nofp/crti.o
                0x0000000008005160                _init
 .init          0x0000000008005164        0x8 C:/ST/STM32CubeIDE_1.13.0/STM32CubeIDE/plugins/com.st.stm32cube.ide.mcu.externaltools.gnu-tools-for-stm32.11.3.rel1.win32_1.1.100.202309141235/tools/bin/../lib/gcc/arm-none-eabi/11.3.1/thumb/v7-m/nofp/crtn.o
 *(.fini)
 .fini          0x000000000800516c        0x4 C:/ST/STM32CubeIDE_1.13.0/STM32CubeIDE/plugins/com.st.stm32cube.ide.mcu.externaltools.gnu-tools-for-stm32.11.3.rel1.win32_1.1.100.202309141235/tools/bin/../lib/gcc/arm-none-eabi/11.3.1/thumb/v7-m/nofp/crti.o
                0x000000000800516c                _fini
 .fini          0x0000000008005170        0x8 C:/ST/STM32CubeIDE_1.13.0/STM32CubeIDE/plugins/com.st.stm32cube.ide.mcu.externaltools.gnu-tools-for-stm32.11.3.rel1.win32_1.1.100.202309141235/tools/bin/../lib/gcc/arm-none-eabi/11.3.1/thumb/v7-m/nofp/crtn.o
                0x0000000008005178                . = ALIGN (0x4)
                0x0000000008005178                _etext = .

.vfp11_veneer   0x0000000008005178        0x0
 .vfp11_veneer  0x0000000008005178        0x0 linker stubs

.v4_bx          0x0000000008005178        0x0
 .v4_bx         0x0000000008005178        0x0 linker stubs

.iplt           0x0000000008005178        0x0
 .iplt          0x0000000008005178        0x0 C:/ST/STM32CubeIDE_1.13.0/STM32CubeIDE/plugins/com.st.stm32cube.ide.mcu.externaltools.gnu-tools-for-stm32.11.3.rel1.win32_1.1.100.202309141235/tools/bin/../lib/gcc/arm-none-eabi/11.3.1/thumb/v7-m/nofp/crtbegin.o

.rodata         0x0000000008005178       0x48
                0x0000000008005178                . = ALIGN (0x4)
 *(.rodata)
 .rodata        0x0000000008005178        0xe ./Core/Src/main.o
 *(.rodata*)
 *fill*         0x0000000008005186        0x2 
 .rodata.AHBPrescTable
                0x0000000008005188       0x10 ./Core/Src/system_stm32f1xx.o
                0x0000000008005188                AHBPrescTable
 .rodata.APBPrescTable
                0x0000000008005198        0x8 ./Core/Src/system_stm32f1xx.o
                0x0000000008005198                APBPrescTable
 .rodata.aPLLMULFactorTable.1
                0x00000000080051a0        0xe ./Drivers/STM32F1xx_HAL_Driver/Src/stm32f1xx_hal_rcc.o
 *fill*         0x00000000080051ae        0x2 
 .rodata.aPredivFactorTable.0
                0x00000000080051b0       0x10 ./Drivers/STM32F1xx_HAL_Driver/Src/stm32f1xx_hal_rcc.o
                0x00000000080051c0                . = ALIGN (0x4)

.ARM.extab      0x00000000080051c0        0x0
                0x00000000080051c0                . = ALIGN (0x4)
 *(.ARM.extab* .gnu.linkonce.armextab.*)
                0x00000000080051c0                . = ALIGN (0x4)

.ARM            0x00000000080051c0        0x8
                0x00000000080051c0                . = ALIGN (0x4)
                0x00000000080051c0                __exidx_start = .
 *(.ARM.exidx*)
 .ARM.exidx     0x00000000080051c0        0x8 C:/ST/STM32CubeIDE_1.13.0/STM32CubeIDE/plugins/com.st.stm32cube.ide.mcu.externaltools.gnu-tools-for-stm32.11.3.rel1.win32_1.1.100.202309141235/tools/bin/../lib/gcc/arm-none-eabi/11.3.1/thumb/v7-m/nofp\libgcc.a(_udivmoddi4.o)
                0x00000000080051c8                __exidx_end = .
                0x00000000080051c8                . = ALIGN (0x4)

.rel.dyn        0x00000000080051c8        0x0
 .rel.iplt      0x00000000080051c8        0x0 C:/ST/STM32CubeIDE_1.13.0/STM32CubeIDE/plugins/com.st.stm32cube.ide.mcu.externaltools.gnu-tools-for-stm32.11.3.rel1.win32_1.1.100.202309141235/tools/bin/../lib/gcc/arm-none-eabi/11.3.1/thumb/v7-m/nofp/crtbegin.o

.preinit_array  0x00000000080051c8        0x0
                0x00000000080051c8                . = ALIGN (0x4)
                0x00000000080051c8                PROVIDE (__preinit_array_start = .)
 *(.preinit_array*)
                0x00000000080051c8                PROVIDE (__preinit_array_end = .)
                0x00000000080051c8                . = ALIGN (0x4)

.init_array     0x00000000080051c8        0x4
                0x00000000080051c8                . = ALIGN (0x4)
                0x00000000080051c8                PROVIDE (__init_array_start = .)
 *(SORT_BY_NAME(.init_array.*))
 *(.init_array*)
 .init_array    0x00000000080051c8        0x4 C:/ST/STM32CubeIDE_1.13.0/STM32CubeIDE/plugins/com.st.stm32cube.ide.mcu.externaltools.gnu-tools-for-stm32.11.3.rel1.win32_1.1.100.202309141235/tools/bin/../lib/gcc/arm-none-eabi/11.3.1/thumb/v7-m/nofp/crtbegin.o
                0x00000000080051cc                PROVIDE (__init_array_end = .)
                0x00000000080051cc                . = ALIGN (0x4)

.fini_array     0x00000000080051cc        0x4
                0x00000000080051cc                . = ALIGN (0x4)
                [!provide]                        PROVIDE (__fini_array_start = .)
 *(SORT_BY_NAME(.fini_array.*))
 *(.fini_array*)
 .fini_array    0x00000000080051cc        0x4 C:/ST/STM32CubeIDE_1.13.0/STM32CubeIDE/plugins/com.st.stm32cube.ide.mcu.externaltools.gnu-tools-for-stm32.11.3.rel1.win32_1.1.100.202309141235/tools/bin/../lib/gcc/arm-none-eabi/11.3.1/thumb/v7-m/nofp/crtbegin.o
                [!provide]                        PROVIDE (__fini_array_end = .)
                0x00000000080051d0                . = ALIGN (0x4)
                0x00000000080051d0                _sidata = LOADADDR (.data)

.data           0x0000000020000000        0xc load address 0x00000000080051d0
                0x0000000020000000                . = ALIGN (0x4)
                0x0000000020000000                _sdata = .
 *(.data)
 *(.data*)
 .data.SystemCoreClock
                0x0000000020000000        0x4 ./Core/Src/system_stm32f1xx.o
                0x0000000020000000                SystemCoreClock
 .data.uwTickPrio
                0x0000000020000004        0x4 ./Drivers/STM32F1xx_HAL_Driver/Src/stm32f1xx_hal.o
                0x0000000020000004                uwTickPrio
 .data.uwTickFreq
                0x0000000020000008        0x1 ./Drivers/STM32F1xx_HAL_Driver/Src/stm32f1xx_hal.o
                0x0000000020000008                uwTickFreq
 *(.RamFunc)
 *(.RamFunc*)
                0x000000002000000c                . = ALIGN (0x4)
 *fill*         0x0000000020000009        0x3 
                0x000000002000000c                _edata = .

.igot.plt       0x000000002000000c        0x0 load address 0x00000000080051dc
 .igot.plt      0x000000002000000c        0x0 C:/ST/STM32CubeIDE_1.13.0/STM32CubeIDE/plugins/com.st.stm32cube.ide.mcu.externaltools.gnu-tools-for-stm32.11.3.rel1.win32_1.1.100.202309141235/tools/bin/../lib/gcc/arm-none-eabi/11.3.1/thumb/v7-m/nofp/crtbegin.o
                0x000000002000000c                . = ALIGN (0x4)

.bss            0x000000002000000c      0x4e0 load address 0x00000000080051dc
                0x000000002000000c                _sbss = .
                0x000000002000000c                __bss_start__ = _sbss
 *(.bss)
 .bss           0x000000002000000c       0x1c C:/ST/STM32CubeIDE_1.13.0/STM32CubeIDE/plugins/com.st.stm32cube.ide.mcu.externaltools.gnu-tools-for-stm32.11.3.rel1.win32_1.1.100.202309141235/tools/bin/../lib/gcc/arm-none-eabi/11.3.1/thumb/v7-m/nofp/crtbegin.o
 *(.bss*)
 .bss.hcan1     0x0000000020000028       0x28 ./Core/Src/main.o
                0x0000000020000028                hcan1
 .bss.huart2    0x0000000020000050       0x48 ./Core/Src/main.o
                0x0000000020000050                huart2
 .bss.hdma_usart2_tx
                0x0000000020000098       0x44 ./Core/Src/main.o
                0x0000000020000098                hdma_usart2_tx
 .bss.hdma_usart2_rx
                0x00000000200000dc       0x44 ./Core/Src/main.o
                0x00000000200000dc                hdma_usart2_rx
 .bss.pTxMailbox
                0x0000000020000120        0x4 ./Core/Src/main.o
                0x0000000020000120                pTxMailbox
 .bss.RxFifo    0x0000000020000124        0x4 ./Core/Src/main.o
                0x0000000020000124                RxFifo
 .bss.CANtoPCMsgBuf
                0x0000000020000128      0x190 ./Core/Src/main.o
                0x0000000020000128                CANtoPCMsgBuf
 .bss.PCtoCANMsgBuf
                0x00000000200002b8      0x168 ./Core/Src/main.o
                0x00000000200002b8                PCtoCANMsgBuf
 .bss.CANlimMsgBuf
                0x0000000020000420       0xa0 ./Core/Src/main.o
                0x0000000020000420                CANlimMsgBuf
 .bss.CANtoPCMsgBufHead
                0x00000000200004c0        0x1 ./Core/Src/main.o
                0x00000000200004c0                CANtoPCMsgBufHead
 .bss.CANtoPCMsgBufTail
                0x00000000200004c1        0x1 ./Core/Src/main.o
                0x00000000200004c1                CANtoPCMsgBufTail
 .bss.CANtoPCMsgBufOverFlowFlag
                0x00000000200004c2        0x1 ./Core/Src/main.o
                0x00000000200004c2                CANtoPCMsgBufOverFlowFlag
 .bss.PCtoCANMsgBufHead
                0x00000000200004c3        0x1 ./Core/Src/main.o
                0x00000000200004c3                PCtoCANMsgBufHead
 .bss.PCtoCANMsgBufTail
                0x00000000200004c4        0x1 ./Core/Src/main.o
                0x00000000200004c4                PCtoCANMsgBufTail
 .bss.PCtoCANMsgBufOverFlowFlag
                0x00000000200004c5        0x1 ./Core/Src/main.o
                0x00000000200004c5                PCtoCANMsgBufOverFlowFlag
 .bss.CANlimMsgBufHead
                0x00000000200004c6        0x1 ./Core/Src/main.o
                0x00000000200004c6                CANlimMsgBufHead
 .bss.CANlimMsgBufTail
                0x00000000200004c7        0x1 ./Core/Src/main.o
                0x00000000200004c7                CANlimMsgBufTail
 .bss.CANlimMsgBufOverFlowFlag
                0x00000000200004c8        0x1 ./Core/Src/main.o
                0x00000000200004c8                CANlimMsgBufOverFlowFlag
 *fill*         0x00000000200004c9        0x3 
 .bss.PCtoCANmsg_ptr.2
                0x00000000200004cc        0x4 ./Core/Src/main.o
 .bss.CANtoPCmsg_ptr.1
                0x00000000200004d0        0x4 ./Core/Src/main.o
 .bss.CANlimmsg_ptr.0
                0x00000000200004d4        0x4 ./Core/Src/main.o
 .bss.CANlimmsg_ptr.3
                0x00000000200004d8        0x4 ./Core/Src/stm32f1xx_it.o
 .bss.PCtoCANmsg_ptr.2
                0x00000000200004dc        0x4 ./Core/Src/stm32f1xx_it.o
 .bss.CANtoPCmsg_ptr.1
                0x00000000200004e0        0x4 ./Core/Src/stm32f1xx_it.o
 .bss.CANtoPCmsg_ptr.0
                0x00000000200004e4        0x4 ./Core/Src/stm32f1xx_it.o
 .bss.uwTick    0x00000000200004e8        0x4 ./Drivers/STM32F1xx_HAL_Driver/Src/stm32f1xx_hal.o
                0x00000000200004e8                uwTick
 *(COMMON)
                0x00000000200004ec                . = ALIGN (0x4)
                0x00000000200004ec                _ebss = .
                0x00000000200004ec                __bss_end__ = _ebss

._user_heap_stack
                0x00000000200004ec      0x604 load address 0x00000000080051dc
                0x00000000200004f0                . = ALIGN (0x8)
 *fill*         0x00000000200004ec        0x4 
                [!provide]                        PROVIDE (end = .)
                0x00000000200004f0                PROVIDE (_end = .)
                0x00000000200006f0                . = (. + _Min_Heap_Size)
 *fill*         0x00000000200004f0      0x200 
                0x0000000020000af0                . = (. + _Min_Stack_Size)
 *fill*         0x00000000200006f0      0x400 
                0x0000000020000af0                . = ALIGN (0x8)

/DISCARD/
 libc.a(*)
 libm.a(*)
 libgcc.a(*)

.ARM.attributes
                0x0000000000000000       0x29
 *(.ARM.attributes)
 .ARM.attributes
                0x0000000000000000       0x1d C:/ST/STM32CubeIDE_1.13.0/STM32CubeIDE/plugins/com.st.stm32cube.ide.mcu.externaltools.gnu-tools-for-stm32.11.3.rel1.win32_1.1.100.202309141235/tools/bin/../lib/gcc/arm-none-eabi/11.3.1/thumb/v7-m/nofp/crti.o
 .ARM.attributes
                0x000000000000001d       0x2d C:/ST/STM32CubeIDE_1.13.0/STM32CubeIDE/plugins/com.st.stm32cube.ide.mcu.externaltools.gnu-tools-for-stm32.11.3.rel1.win32_1.1.100.202309141235/tools/bin/../lib/gcc/arm-none-eabi/11.3.1/thumb/v7-m/nofp/crtbegin.o
 .ARM.attributes
                0x000000000000004a       0x2d ./Core/Src/User/MyFifoBuf.o
 .ARM.attributes
                0x0000000000000077       0x2d ./Core/Src/main.o
 .ARM.attributes
                0x00000000000000a4       0x2d ./Core/Src/stm32f1xx_hal_msp.o
 .ARM.attributes
                0x00000000000000d1       0x2d ./Core/Src/stm32f1xx_it.o
 .ARM.attributes
                0x00000000000000fe       0x2d ./Core/Src/system_stm32f1xx.o
 .ARM.attributes
                0x000000000000012b       0x21 ./Core/Startup/startup_stm32f107vctx.o
 .ARM.attributes
                0x000000000000014c       0x2d ./Drivers/STM32F1xx_HAL_Driver/Src/stm32f1xx_hal.o
 .ARM.attributes
                0x0000000000000179       0x2d ./Drivers/STM32F1xx_HAL_Driver/Src/stm32f1xx_hal_can.o
 .ARM.attributes
                0x00000000000001a6       0x2d ./Drivers/STM32F1xx_HAL_Driver/Src/stm32f1xx_hal_cortex.o
 .ARM.attributes
                0x00000000000001d3       0x2d ./Drivers/STM32F1xx_HAL_Driver/Src/stm32f1xx_hal_dma.o
 .ARM.attributes
                0x0000000000000200       0x2d ./Drivers/STM32F1xx_HAL_Driver/Src/stm32f1xx_hal_gpio.o
 .ARM.attributes
                0x000000000000022d       0x2d ./Drivers/STM32F1xx_HAL_Driver/Src/stm32f1xx_hal_rcc.o
 .ARM.attributes
                0x000000000000025a       0x2d ./Drivers/STM32F1xx_HAL_Driver/Src/stm32f1xx_hal_uart.o
 .ARM.attributes
                0x0000000000000287       0x2d C:/ST/STM32CubeIDE_1.13.0/STM32CubeIDE/plugins/com.st.stm32cube.ide.mcu.externaltools.gnu-tools-for-stm32.11.3.rel1.win32_1.1.100.202309141235/tools/bin/../lib/gcc/arm-none-eabi/11.3.1/../../../../arm-none-eabi/lib/thumb/v7-m/nofp\libc_nano.a(libc_a-memset.o)
 .ARM.attributes
                0x00000000000002b4       0x2d C:/ST/STM32CubeIDE_1.13.0/STM32CubeIDE/plugins/com.st.stm32cube.ide.mcu.externaltools.gnu-tools-for-stm32.11.3.rel1.win32_1.1.100.202309141235/tools/bin/../lib/gcc/arm-none-eabi/11.3.1/../../../../arm-none-eabi/lib/thumb/v7-m/nofp\libc_nano.a(libc_a-init.o)
 .ARM.attributes
                0x00000000000002e1       0x1d C:/ST/STM32CubeIDE_1.13.0/STM32CubeIDE/plugins/com.st.stm32cube.ide.mcu.externaltools.gnu-tools-for-stm32.11.3.rel1.win32_1.1.100.202309141235/tools/bin/../lib/gcc/arm-none-eabi/11.3.1/thumb/v7-m/nofp\libgcc.a(_aeabi_uldivmod.o)
 .ARM.attributes
                0x00000000000002fe       0x2d C:/ST/STM32CubeIDE_1.13.0/STM32CubeIDE/plugins/com.st.stm32cube.ide.mcu.externaltools.gnu-tools-for-stm32.11.3.rel1.win32_1.1.100.202309141235/tools/bin/../lib/gcc/arm-none-eabi/11.3.1/thumb/v7-m/nofp\libgcc.a(_udivmoddi4.o)
 .ARM.attributes
                0x000000000000032b       0x1d C:/ST/STM32CubeIDE_1.13.0/STM32CubeIDE/plugins/com.st.stm32cube.ide.mcu.externaltools.gnu-tools-for-stm32.11.3.rel1.win32_1.1.100.202309141235/tools/bin/../lib/gcc/arm-none-eabi/11.3.1/thumb/v7-m/nofp\libgcc.a(_dvmd_tls.o)
 .ARM.attributes
                0x0000000000000348       0x1d C:/ST/STM32CubeIDE_1.13.0/STM32CubeIDE/plugins/com.st.stm32cube.ide.mcu.externaltools.gnu-tools-for-stm32.11.3.rel1.win32_1.1.100.202309141235/tools/bin/../lib/gcc/arm-none-eabi/11.3.1/thumb/v7-m/nofp/crtn.o
OUTPUT(CAN_Adapter.elf elf32-littlearm)
LOAD linker stubs
LOAD C:/ST/STM32CubeIDE_1.13.0/STM32CubeIDE/plugins/com.st.stm32cube.ide.mcu.externaltools.gnu-tools-for-stm32.11.3.rel1.win32_1.1.100.202309141235/tools/bin/../lib/gcc/arm-none-eabi/11.3.1/../../../../arm-none-eabi/lib/thumb/v7-m/nofp\libc.a
LOAD C:/ST/STM32CubeIDE_1.13.0/STM32CubeIDE/plugins/com.st.stm32cube.ide.mcu.externaltools.gnu-tools-for-stm32.11.3.rel1.win32_1.1.100.202309141235/tools/bin/../lib/gcc/arm-none-eabi/11.3.1/../../../../arm-none-eabi/lib/thumb/v7-m/nofp\libm.a
LOAD C:/ST/STM32CubeIDE_1.13.0/STM32CubeIDE/plugins/com.st.stm32cube.ide.mcu.externaltools.gnu-tools-for-stm32.11.3.rel1.win32_1.1.100.202309141235/tools/bin/../lib/gcc/arm-none-eabi/11.3.1/thumb/v7-m/nofp\libgcc.a

.comment        0x0000000000000000       0x43
 .comment       0x0000000000000000       0x43 C:/ST/STM32CubeIDE_1.13.0/STM32CubeIDE/plugins/com.st.stm32cube.ide.mcu.externaltools.gnu-tools-for-stm32.11.3.rel1.win32_1.1.100.202309141235/tools/bin/../lib/gcc/arm-none-eabi/11.3.1/thumb/v7-m/nofp/crtbegin.o
                                         0x44 (size before relaxing)
 .comment       0x0000000000000043       0x44 ./Core/Src/User/MyFifoBuf.o
 .comment       0x0000000000000043       0x44 ./Core/Src/main.o
 .comment       0x0000000000000043       0x44 ./Core/Src/stm32f1xx_hal_msp.o
 .comment       0x0000000000000043       0x44 ./Core/Src/stm32f1xx_it.o
 .comment       0x0000000000000043       0x44 ./Core/Src/system_stm32f1xx.o
 .comment       0x0000000000000043       0x44 ./Drivers/STM32F1xx_HAL_Driver/Src/stm32f1xx_hal.o
 .comment       0x0000000000000043       0x44 ./Drivers/STM32F1xx_HAL_Driver/Src/stm32f1xx_hal_can.o
 .comment       0x0000000000000043       0x44 ./Drivers/STM32F1xx_HAL_Driver/Src/stm32f1xx_hal_cortex.o
 .comment       0x0000000000000043       0x44 ./Drivers/STM32F1xx_HAL_Driver/Src/stm32f1xx_hal_dma.o
 .comment       0x0000000000000043       0x44 ./Drivers/STM32F1xx_HAL_Driver/Src/stm32f1xx_hal_gpio.o
 .comment       0x0000000000000043       0x44 ./Drivers/STM32F1xx_HAL_Driver/Src/stm32f1xx_hal_rcc.o
 .comment       0x0000000000000043       0x44 ./Drivers/STM32F1xx_HAL_Driver/Src/stm32f1xx_hal_uart.o

.debug_info     0x0000000000000000     0xa7a7
 .debug_info    0x0000000000000000      0x538 ./Core/Src/User/MyFifoBuf.o
 .debug_info    0x0000000000000538     0x1c7f ./Core/Src/main.o
 .debug_info    0x00000000000021b7      0xefe ./Core/Src/stm32f1xx_hal_msp.o
 .debug_info    0x00000000000030b5      0xe22 ./Core/Src/stm32f1xx_it.o
 .debug_info    0x0000000000003ed7      0x257 ./Core/Src/system_stm32f1xx.o
 .debug_info    0x000000000000412e       0x23 ./Core/Startup/startup_stm32f107vctx.o
 .debug_info    0x0000000000004151      0x78c ./Drivers/STM32F1xx_HAL_Driver/Src/stm32f1xx_hal.o
 .debug_info    0x00000000000048dd      0xf03 ./Drivers/STM32F1xx_HAL_Driver/Src/stm32f1xx_hal_can.o
 .debug_info    0x00000000000057e0      0xaf3 ./Drivers/STM32F1xx_HAL_Driver/Src/stm32f1xx_hal_cortex.o
 .debug_info    0x00000000000062d3      0x6d2 ./Drivers/STM32F1xx_HAL_Driver/Src/stm32f1xx_hal_dma.o
 .debug_info    0x00000000000069a5      0x5c5 ./Drivers/STM32F1xx_HAL_Driver/Src/stm32f1xx_hal_gpio.o
 .debug_info    0x0000000000006f6a      0x895 ./Drivers/STM32F1xx_HAL_Driver/Src/stm32f1xx_hal_rcc.o
 .debug_info    0x00000000000077ff     0x2fa8 ./Drivers/STM32F1xx_HAL_Driver/Src/stm32f1xx_hal_uart.o

.debug_abbrev   0x0000000000000000     0x1b91
 .debug_abbrev  0x0000000000000000      0x18d ./Core/Src/User/MyFifoBuf.o
 .debug_abbrev  0x000000000000018d      0x36b ./Core/Src/main.o
 .debug_abbrev  0x00000000000004f8      0x23e ./Core/Src/stm32f1xx_hal_msp.o
 .debug_abbrev  0x0000000000000736      0x282 ./Core/Src/stm32f1xx_it.o
 .debug_abbrev  0x00000000000009b8      0x11a ./Core/Src/system_stm32f1xx.o
 .debug_abbrev  0x0000000000000ad2       0x12 ./Core/Startup/startup_stm32f107vctx.o
 .debug_abbrev  0x0000000000000ae4      0x201 ./Drivers/STM32F1xx_HAL_Driver/Src/stm32f1xx_hal.o
 .debug_abbrev  0x0000000000000ce5      0x254 ./Drivers/STM32F1xx_HAL_Driver/Src/stm32f1xx_hal_can.o
 .debug_abbrev  0x0000000000000f39      0x2f8 ./Drivers/STM32F1xx_HAL_Driver/Src/stm32f1xx_hal_cortex.o
 .debug_abbrev  0x0000000000001231      0x20b ./Drivers/STM32F1xx_HAL_Driver/Src/stm32f1xx_hal_dma.o
 .debug_abbrev  0x000000000000143c      0x1ca ./Drivers/STM32F1xx_HAL_Driver/Src/stm32f1xx_hal_gpio.o
 .debug_abbrev  0x0000000000001606      0x293 ./Drivers/STM32F1xx_HAL_Driver/Src/stm32f1xx_hal_rcc.o
 .debug_abbrev  0x0000000000001899      0x2f8 ./Drivers/STM32F1xx_HAL_Driver/Src/stm32f1xx_hal_uart.o

.debug_aranges  0x0000000000000000      0x8c8
 .debug_aranges
                0x0000000000000000       0x90 ./Core/Src/User/MyFifoBuf.o
 .debug_aranges
                0x0000000000000090       0x70 ./Core/Src/main.o
 .debug_aranges
                0x0000000000000100       0x40 ./Core/Src/stm32f1xx_hal_msp.o
 .debug_aranges
                0x0000000000000140       0xb0 ./Core/Src/stm32f1xx_it.o
 .debug_aranges
                0x00000000000001f0       0x28 ./Core/Src/system_stm32f1xx.o
 .debug_aranges
                0x0000000000000218       0x28 ./Core/Startup/startup_stm32f107vctx.o
 .debug_aranges
                0x0000000000000240       0xe0 ./Drivers/STM32F1xx_HAL_Driver/Src/stm32f1xx_hal.o
 .debug_aranges
                0x0000000000000320      0x138 ./Drivers/STM32F1xx_HAL_Driver/Src/stm32f1xx_hal_can.o
 .debug_aranges
                0x0000000000000458      0x100 ./Drivers/STM32F1xx_HAL_Driver/Src/stm32f1xx_hal_cortex.o
 .debug_aranges
                0x0000000000000558       0x80 ./Drivers/STM32F1xx_HAL_Driver/Src/stm32f1xx_hal_dma.o
 .debug_aranges
                0x00000000000005d8       0x58 ./Drivers/STM32F1xx_HAL_Driver/Src/stm32f1xx_hal_gpio.o
 .debug_aranges
                0x0000000000000630       0x90 ./Drivers/STM32F1xx_HAL_Driver/Src/stm32f1xx_hal_rcc.o
 .debug_aranges
                0x00000000000006c0      0x208 ./Drivers/STM32F1xx_HAL_Driver/Src/stm32f1xx_hal_uart.o

.debug_rnglists
                0x0000000000000000      0x6bf
 .debug_rnglists
                0x0000000000000000       0x69 ./Core/Src/User/MyFifoBuf.o
 .debug_rnglists
                0x0000000000000069       0x60 ./Core/Src/main.o
 .debug_rnglists
                0x00000000000000c9       0x2d ./Core/Src/stm32f1xx_hal_msp.o
 .debug_rnglists
                0x00000000000000f6       0x7f ./Core/Src/stm32f1xx_it.o
 .debug_rnglists
                0x0000000000000175       0x1a ./Core/Src/system_stm32f1xx.o
 .debug_rnglists
                0x000000000000018f       0x19 ./Core/Startup/startup_stm32f107vctx.o
 .debug_rnglists
                0x00000000000001a8       0xa3 ./Drivers/STM32F1xx_HAL_Driver/Src/stm32f1xx_hal.o
 .debug_rnglists
                0x000000000000024b       0xee ./Drivers/STM32F1xx_HAL_Driver/Src/stm32f1xx_hal_can.o
 .debug_rnglists
                0x0000000000000339       0xbb ./Drivers/STM32F1xx_HAL_Driver/Src/stm32f1xx_hal_cortex.o
 .debug_rnglists
                0x00000000000003f4       0x64 ./Drivers/STM32F1xx_HAL_Driver/Src/stm32f1xx_hal_dma.o
 .debug_rnglists
                0x0000000000000458       0x3f ./Drivers/STM32F1xx_HAL_Driver/Src/stm32f1xx_hal_gpio.o
 .debug_rnglists
                0x0000000000000497       0x6c ./Drivers/STM32F1xx_HAL_Driver/Src/stm32f1xx_hal_rcc.o
 .debug_rnglists
                0x0000000000000503      0x1bc ./Drivers/STM32F1xx_HAL_Driver/Src/stm32f1xx_hal_uart.o

.debug_macro    0x0000000000000000    0x1f2c9
 .debug_macro   0x0000000000000000      0x1ba ./Core/Src/User/MyFifoBuf.o
 .debug_macro   0x00000000000001ba      0xa9c ./Core/Src/User/MyFifoBuf.o
 .debug_macro   0x0000000000000c56      0x221 ./Core/Src/User/MyFifoBuf.o
 .debug_macro   0x0000000000000e77       0x2e ./Core/Src/User/MyFifoBuf.o
 .debug_macro   0x0000000000000ea5       0x22 ./Core/Src/User/MyFifoBuf.o
 .debug_macro   0x0000000000000ec7       0x22 ./Core/Src/User/MyFifoBuf.o
 .debug_macro   0x0000000000000ee9       0x8e ./Core/Src/User/MyFifoBuf.o
 .debug_macro   0x0000000000000f77       0x51 ./Core/Src/User/MyFifoBuf.o
 .debug_macro   0x0000000000000fc8      0x103 ./Core/Src/User/MyFifoBuf.o
 .debug_macro   0x00000000000010cb       0x6a ./Core/Src/User/MyFifoBuf.o
 .debug_macro   0x0000000000001135      0x1df ./Core/Src/User/MyFifoBuf.o
 .debug_macro   0x0000000000001314       0x1c ./Core/Src/User/MyFifoBuf.o
 .debug_macro   0x0000000000001330       0x22 ./Core/Src/User/MyFifoBuf.o
 .debug_macro   0x0000000000001352       0xbd ./Core/Src/User/MyFifoBuf.o
 .debug_macro   0x000000000000140f      0xd23 ./Core/Src/User/MyFifoBuf.o
 .debug_macro   0x0000000000002132    0x15c59 ./Core/Src/User/MyFifoBuf.o
 .debug_macro   0x0000000000017d8b       0x6d ./Core/Src/User/MyFifoBuf.o
 .debug_macro   0x0000000000017df8     0x348d ./Core/Src/User/MyFifoBuf.o
 .debug_macro   0x000000000001b285      0x174 ./Core/Src/User/MyFifoBuf.o
 .debug_macro   0x000000000001b3f9       0x5c ./Core/Src/User/MyFifoBuf.o
 .debug_macro   0x000000000001b455      0x5bc ./Core/Src/User/MyFifoBuf.o
 .debug_macro   0x000000000001ba11      0x6b4 ./Core/Src/User/MyFifoBuf.o
 .debug_macro   0x000000000001c0c5      0x1cb ./Core/Src/User/MyFifoBuf.o
 .debug_macro   0x000000000001c290      0x114 ./Core/Src/User/MyFifoBuf.o
 .debug_macro   0x000000000001c3a4      0x214 ./Core/Src/User/MyFifoBuf.o
 .debug_macro   0x000000000001c5b8       0x27 ./Core/Src/User/MyFifoBuf.o
 .debug_macro   0x000000000001c5df      0x13c ./Core/Src/User/MyFifoBuf.o
 .debug_macro   0x000000000001c71b      0x1bc ./Core/Src/User/MyFifoBuf.o
 .debug_macro   0x000000000001c8d7       0x30 ./Core/Src/User/MyFifoBuf.o
 .debug_macro   0x000000000001c907       0x3c ./Core/Src/User/MyFifoBuf.o
 .debug_macro   0x000000000001c943      0x40f ./Core/Src/User/MyFifoBuf.o
 .debug_macro   0x000000000001cd52       0x57 ./Core/Src/User/MyFifoBuf.o
 .debug_macro   0x000000000001cda9       0x87 ./Core/Src/User/MyFifoBuf.o
 .debug_macro   0x000000000001ce30      0x24f ./Core/Src/User/MyFifoBuf.o
 .debug_macro   0x000000000001d07f      0x140 ./Core/Src/User/MyFifoBuf.o
 .debug_macro   0x000000000001d1bf      0x28e ./Core/Src/User/MyFifoBuf.o
 .debug_macro   0x000000000001d44d       0xdf ./Core/Src/User/MyFifoBuf.o
 .debug_macro   0x000000000001d52c       0x16 ./Core/Src/User/MyFifoBuf.o
 .debug_macro   0x000000000001d542       0x5e ./Core/Src/User/MyFifoBuf.o
 .debug_macro   0x000000000001d5a0      0x2bc ./Core/Src/main.o
 .debug_macro   0x000000000001d85c       0x61 ./Core/Src/main.o
 .debug_macro   0x000000000001d8bd       0x24 ./Core/Src/main.o
 .debug_macro   0x000000000001d8e1       0x43 ./Core/Src/main.o
 .debug_macro   0x000000000001d924       0x34 ./Core/Src/main.o
 .debug_macro   0x000000000001d958       0x16 ./Core/Src/main.o
 .debug_macro   0x000000000001d96e       0x43 ./Core/Src/main.o
 .debug_macro   0x000000000001d9b1       0x34 ./Core/Src/main.o
 .debug_macro   0x000000000001d9e5       0x10 ./Core/Src/main.o
 .debug_macro   0x000000000001d9f5       0x58 ./Core/Src/main.o
 .debug_macro   0x000000000001da4d       0x8e ./Core/Src/main.o
 .debug_macro   0x000000000001dadb       0x1c ./Core/Src/main.o
 .debug_macro   0x000000000001daf7      0x177 ./Core/Src/main.o
 .debug_macro   0x000000000001dc6e      0x369 ./Core/Src/main.o
 .debug_macro   0x000000000001dfd7       0x10 ./Core/Src/main.o
 .debug_macro   0x000000000001dfe7       0x35 ./Core/Src/main.o
 .debug_macro   0x000000000001e01c       0x20 ./Core/Src/main.o
 .debug_macro   0x000000000001e03c       0x1c ./Core/Src/main.o
 .debug_macro   0x000000000001e058       0x10 ./Core/Src/main.o
 .debug_macro   0x000000000001e068       0x1c ./Core/Src/main.o
 .debug_macro   0x000000000001e084       0x16 ./Core/Src/main.o
 .debug_macro   0x000000000001e09a      0x147 ./Core/Src/main.o
 .debug_macro   0x000000000001e1e1      0x1ba ./Core/Src/stm32f1xx_hal_msp.o
 .debug_macro   0x000000000001e39b      0x1c4 ./Core/Src/stm32f1xx_it.o
 .debug_macro   0x000000000001e55f      0x198 ./Core/Src/system_stm32f1xx.o
 .debug_macro   0x000000000001e6f7      0x1bc ./Drivers/STM32F1xx_HAL_Driver/Src/stm32f1xx_hal.o
 .debug_macro   0x000000000001e8b3      0x1a0 ./Drivers/STM32F1xx_HAL_Driver/Src/stm32f1xx_hal_can.o
 .debug_macro   0x000000000001ea53      0x198 ./Drivers/STM32F1xx_HAL_Driver/Src/stm32f1xx_hal_cortex.o
 .debug_macro   0x000000000001ebeb      0x198 ./Drivers/STM32F1xx_HAL_Driver/Src/stm32f1xx_hal_dma.o
 .debug_macro   0x000000000001ed83      0x203 ./Drivers/STM32F1xx_HAL_Driver/Src/stm32f1xx_hal_gpio.o
 .debug_macro   0x000000000001ef86      0x1aa ./Drivers/STM32F1xx_HAL_Driver/Src/stm32f1xx_hal_rcc.o
 .debug_macro   0x000000000001f130      0x199 ./Drivers/STM32F1xx_HAL_Driver/Src/stm32f1xx_hal_uart.o

.debug_line     0x0000000000000000     0xab49
 .debug_line    0x0000000000000000      0x926 ./Core/Src/User/MyFifoBuf.o
 .debug_line    0x0000000000000926      0xdea ./Core/Src/main.o
 .debug_line    0x0000000000001710      0x807 ./Core/Src/stm32f1xx_hal_msp.o
 .debug_line    0x0000000000001f17      0x939 ./Core/Src/stm32f1xx_it.o
 .debug_line    0x0000000000002850      0x7a0 ./Core/Src/system_stm32f1xx.o
 .debug_line    0x0000000000002ff0       0x78 ./Core/Startup/startup_stm32f107vctx.o
 .debug_line    0x0000000000003068      0x998 ./Drivers/STM32F1xx_HAL_Driver/Src/stm32f1xx_hal.o
 .debug_line    0x0000000000003a00     0x1142 ./Drivers/STM32F1xx_HAL_Driver/Src/stm32f1xx_hal_can.o
 .debug_line    0x0000000000004b42      0xb7e ./Drivers/STM32F1xx_HAL_Driver/Src/stm32f1xx_hal_cortex.o
 .debug_line    0x00000000000056c0     0x12c1 ./Drivers/STM32F1xx_HAL_Driver/Src/stm32f1xx_hal_dma.o
 .debug_line    0x0000000000006981      0xa2f ./Drivers/STM32F1xx_HAL_Driver/Src/stm32f1xx_hal_gpio.o
 .debug_line    0x00000000000073b0      0xed5 ./Drivers/STM32F1xx_HAL_Driver/Src/stm32f1xx_hal_rcc.o
 .debug_line    0x0000000000008285     0x28c4 ./Drivers/STM32F1xx_HAL_Driver/Src/stm32f1xx_hal_uart.o

.debug_str      0x0000000000000000    0xb4c80
 .debug_str     0x0000000000000000    0xaeb86 ./Core/Src/User/MyFifoBuf.o
                                      0xaef2f (size before relaxing)
 .debug_str     0x00000000000aeb86     0x474e ./Core/Src/main.o
                                      0xb36f1 (size before relaxing)
 .debug_str     0x00000000000b32d4       0xe1 ./Core/Src/stm32f1xx_hal_msp.o
                                      0xaf765 (size before relaxing)
 .debug_str     0x00000000000b33b5      0x1f9 ./Core/Src/stm32f1xx_it.o
                                      0xaf5f2 (size before relaxing)
 .debug_str     0x00000000000b35ae       0xb1 ./Core/Src/system_stm32f1xx.o
                                      0xaeae6 (size before relaxing)
 .debug_str     0x00000000000b365f       0x34 ./Core/Startup/startup_stm32f107vctx.o
                                         0x6a (size before relaxing)
 .debug_str     0x00000000000b3693      0x38e ./Drivers/STM32F1xx_HAL_Driver/Src/stm32f1xx_hal.o
                                      0xaf2d7 (size before relaxing)
 .debug_str     0x00000000000b3a21      0x388 ./Drivers/STM32F1xx_HAL_Driver/Src/stm32f1xx_hal_can.o
                                      0xaf2ab (size before relaxing)
 .debug_str     0x00000000000b3da9      0x225 ./Drivers/STM32F1xx_HAL_Driver/Src/stm32f1xx_hal_cortex.o
                                      0xaf215 (size before relaxing)
 .debug_str     0x00000000000b3fce      0x20b ./Drivers/STM32F1xx_HAL_Driver/Src/stm32f1xx_hal_dma.o
                                      0xaee54 (size before relaxing)
 .debug_str     0x00000000000b41d9      0x2e1 ./Drivers/STM32F1xx_HAL_Driver/Src/stm32f1xx_hal_gpio.o
                                      0xaee3f (size before relaxing)
 .debug_str     0x00000000000b44ba      0x244 ./Drivers/STM32F1xx_HAL_Driver/Src/stm32f1xx_hal_rcc.o
                                      0xaef55 (size before relaxing)
 .debug_str     0x00000000000b46fe      0x582 ./Drivers/STM32F1xx_HAL_Driver/Src/stm32f1xx_hal_uart.o
                                      0xaf54b (size before relaxing)

.debug_frame    0x0000000000000000     0x2368
 .debug_frame   0x0000000000000000      0x220 ./Core/Src/User/MyFifoBuf.o
 .debug_frame   0x0000000000000220      0x188 ./Core/Src/main.o
 .debug_frame   0x00000000000003a8       0xc8 ./Core/Src/stm32f1xx_hal_msp.o
 .debug_frame   0x0000000000000470      0x23c ./Core/Src/stm32f1xx_it.o
 .debug_frame   0x00000000000006ac       0x58 ./Core/Src/system_stm32f1xx.o
 .debug_frame   0x0000000000000704      0x334 ./Drivers/STM32F1xx_HAL_Driver/Src/stm32f1xx_hal.o
 .debug_frame   0x0000000000000a38      0x5a0 ./Drivers/STM32F1xx_HAL_Driver/Src/stm32f1xx_hal_can.o
 .debug_frame   0x0000000000000fd8      0x428 ./Drivers/STM32F1xx_HAL_Driver/Src/stm32f1xx_hal_cortex.o
 .debug_frame   0x0000000000001400      0x20c ./Drivers/STM32F1xx_HAL_Driver/Src/stm32f1xx_hal_dma.o
 .debug_frame   0x000000000000160c      0x14c ./Drivers/STM32F1xx_HAL_Driver/Src/stm32f1xx_hal_gpio.o
 .debug_frame   0x0000000000001758      0x220 ./Drivers/STM32F1xx_HAL_Driver/Src/stm32f1xx_hal_rcc.o
 .debug_frame   0x0000000000001978      0x944 ./Drivers/STM32F1xx_HAL_Driver/Src/stm32f1xx_hal_uart.o
 .debug_frame   0x00000000000022bc       0x20 C:/ST/STM32CubeIDE_1.13.0/STM32CubeIDE/plugins/com.st.stm32cube.ide.mcu.externaltools.gnu-tools-for-stm32.11.3.rel1.win32_1.1.100.202309141235/tools/bin/../lib/gcc/arm-none-eabi/11.3.1/../../../../arm-none-eabi/lib/thumb/v7-m/nofp\libc_nano.a(libc_a-memset.o)
 .debug_frame   0x00000000000022dc       0x2c C:/ST/STM32CubeIDE_1.13.0/STM32CubeIDE/plugins/com.st.stm32cube.ide.mcu.externaltools.gnu-tools-for-stm32.11.3.rel1.win32_1.1.100.202309141235/tools/bin/../lib/gcc/arm-none-eabi/11.3.1/../../../../arm-none-eabi/lib/thumb/v7-m/nofp\libc_nano.a(libc_a-init.o)
 .debug_frame   0x0000000000002308       0x2c C:/ST/STM32CubeIDE_1.13.0/STM32CubeIDE/plugins/com.st.stm32cube.ide.mcu.externaltools.gnu-tools-for-stm32.11.3.rel1.win32_1.1.100.202309141235/tools/bin/../lib/gcc/arm-none-eabi/11.3.1/thumb/v7-m/nofp\libgcc.a(_aeabi_uldivmod.o)
 .debug_frame   0x0000000000002334       0x34 C:/ST/STM32CubeIDE_1.13.0/STM32CubeIDE/plugins/com.st.stm32cube.ide.mcu.externaltools.gnu-tools-for-stm32.11.3.rel1.win32_1.1.100.202309141235/tools/bin/../lib/gcc/arm-none-eabi/11.3.1/thumb/v7-m/nofp\libgcc.a(_udivmoddi4.o)

.debug_line_str
                0x0000000000000000       0x5e
 .debug_line_str
                0x0000000000000000       0x5e ./Core/Startup/startup_stm32f107vctx.o
                                         0x76 (size before relaxing)
