../Drivers/CMSIS/Include/core_cm3.h:1511:22:__NVIC_EnableIRQ	16	static
../Drivers/CMSIS/Include/core_cm3.h:1547:22:__NVIC_DisableIRQ	16	static,ignoring_inline_asm
../Core/Src/main.c:143:5:main	56	static
../Core/Src/main.c:288:6:SystemClock_Config	88	static
../Core/Src/main.c:336:13:MX_CAN1_Init	8	static
../Core/Src/main.c:373:13:MX_USART2_UART_Init	8	static
../Core/Src/main.c:404:13:MX_DMA_Init	16	static
../Core/Src/main.c:425:13:MX_GPIO_Init	40	static
../Core/Src/main.c:452:6:PCtoCANBuf_processing	128	static
../Core/Src/main.c:559:6:CANtoPCBuf_processing	8	static
../Core/Src/main.c:617:6:Error_Handler	8	static,ignoring_inline_asm
