../Core/Src/stm32f1xx_it.c:79:6:NMI_Handler	4	static
../Core/Src/stm32f1xx_it.c:94:6:HardFault_Handler	4	static
../Core/Src/stm32f1xx_it.c:109:6:MemManage_Handler	4	static
../Core/Src/stm32f1xx_it.c:124:6:BusFault_Handler	4	static
../Core/Src/stm32f1xx_it.c:139:6:UsageFault_Handler	4	static
../Core/Src/stm32f1xx_it.c:154:6:SVC_Handler	4	static
../Core/Src/stm32f1xx_it.c:167:6:DebugMon_Handler	4	static
../Core/Src/stm32f1xx_it.c:180:6:PendSV_Handler	4	static
../Core/Src/stm32f1xx_it.c:193:6:SysTick_Handler	8	static
../Core/Src/stm32f1xx_it.c:214:6:DMA1_Channel6_IRQHandler	8	static
../Core/Src/stm32f1xx_it.c:233:6:DMA1_Channel7_IRQHandler	8	static
../Core/Src/stm32f1xx_it.c:251:6:CAN1_TX_IRQHandler	8	static
../Core/Src/stm32f1xx_it.c:265:6:CAN1_RX0_IRQHandler	8	static
../Core/Src/stm32f1xx_it.c:282:6:CAN1_RX1_IRQHandler	8	static
../Core/Src/stm32f1xx_it.c:299:6:USART2_IRQHandler	8	static
../Core/Src/stm32f1xx_it.c:334:6:HAL_UART_TxCpltCallback	16	static
../Core/Src/stm32f1xx_it.c:359:6:HAL_UART_RxCpltCallback	16	static
../Core/Src/stm32f1xx_it.c:370:6:HAL_CAN_RxFifo0MsgPendingCallback	16	static
../Core/Src/stm32f1xx_it.c:377:6:HAL_CAN_RxFifo1MsgPendingCallback	16	static
